 Fermi distribution function
 
Calculation with static geometry
 

********************************************************************************
 iSCC Total electronic   Diff electronic      SCC error    
   12   -0.37303247E+02    0.71054274E-14    0.79587115E-10
********************************************************************************
 
 Total charge:    -0.00000000

 Atomic gross charges (e)
 Atom           Charge
    1      -0.10576462
    2       0.02258577
    3      -0.10576462
    4       0.00606813
    5      -0.00422234
    6       0.02258577
    7       0.00606813
    8       0.00031389
    9       0.00031233
   10      -0.00422234
   11       0.00031389
   12      -0.00422299
   13       0.00606899
   14       0.00031233
   15      -0.00422299
   16       0.02258578
   17      -0.10576431
   18       0.00606899
   19       0.02258578
   20      -0.10576431
   21       0.08101986
   22       0.08101986
   23       0.08101950
   24       0.08101950
 
Nr. of electrons (up):     84.00000000
Atom populations (up)
 Atom       Population
    1       4.10576462
    2       3.97741423
    3       4.10576462
    4       3.99393187
    5       4.00422234
    6       3.97741423
    7       3.99393187
    8       3.99968611
    9       3.99968767
   10       4.00422234
   11       3.99968611
   12       4.00422299
   13       3.99393101
   14       3.99968767
   15       4.00422299
   16       3.97741422
   17       4.10576431
   18       3.99393101
   19       3.97741422
   20       4.10576431
   21       0.91898014
   22       0.91898014
   23       0.91898050
   24       0.91898050
 
l-shell populations (up)
 Atom Sh.   l       Population
    1   1   0       1.24622242
    1   2   1       2.85954220
    2   1   0       1.17965642
    2   2   1       2.79775781
    3   1   0       1.24622242
    3   2   1       2.85954220
    4   1   0       1.18203173
    4   2   1       2.81190014
    5   1   0       1.18235938
    5   2   1       2.82186296
    6   1   0       1.17965642
    6   2   1       2.79775781
    7   1   0       1.18203173
    7   2   1       2.81190014
    8   1   0       1.18194035
    8   2   1       2.81774576
    9   1   0       1.18194280
    9   2   1       2.81774487
   10   1   0       1.18235938
   10   2   1       2.82186296
   11   1   0       1.18194035
   11   2   1       2.81774576
   12   1   0       1.18236143
   12   2   1       2.82186156
   13   1   0       1.18203110
   13   2   1       2.81189991
   14   1   0       1.18194280
   14   2   1       2.81774487
   15   1   0       1.18236143
   15   2   1       2.82186156
   16   1   0       1.17965596
   16   2   1       2.79775826
   17   1   0       1.24622249
   17   2   1       2.85954182
   18   1   0       1.18203110
   18   2   1       2.81189991
   19   1   0       1.17965596
   19   2   1       2.79775826
   20   1   0       1.24622249
   20   2   1       2.85954182
   21   1   0       0.91898014
   22   1   0       0.91898014
   23   1   0       0.91898050
   24   1   0       0.91898050
 
Orbital populations (up)
 Atom Sh.   l   m       Population
    1   1   0   0       1.24622242
    1   2   1  -1       0.94386405
    1   2   1   0       0.90142321
    1   2   1   1       1.01425494
    2   1   0   0       1.17965642
    2   2   1  -1       0.91244616
    2   2   1   0       0.89682570
    2   2   1   1       0.98848595
    3   1   0   0       1.24622242
    3   2   1  -1       0.94386405
    3   2   1   0       0.90142321
    3   2   1   1       1.01425494
    4   1   0   0       1.18203173
    4   2   1  -1       0.91731481
    4   2   1   0       0.89978510
    4   2   1   1       0.99480024
    5   1   0   0       1.18235938
    5   2   1  -1       0.91850704
    5   2   1   0       0.90046330
    5   2   1   1       1.00289261
    6   1   0   0       1.17965642
    6   2   1  -1       0.91244616
    6   2   1   0       0.89682570
    6   2   1   1       0.98848595
    7   1   0   0       1.18203173
    7   2   1  -1       0.91731481
    7   2   1   0       0.89978510
    7   2   1   1       0.99480024
    8   1   0   0       1.18194035
    8   2   1  -1       0.91791769
    8   2   1   0       0.90026177
    8   2   1   1       0.99956630
    9   1   0   0       1.18194280
    9   2   1  -1       0.91791663
    9   2   1   0       0.90026177
    9   2   1   1       0.99956647
   10   1   0   0       1.18235938
   10   2   1  -1       0.91850704
   10   2   1   0       0.90046330
   10   2   1   1       1.00289261
   11   1   0   0       1.18194035
   11   2   1  -1       0.91791769
   11   2   1   0       0.90026177
   11   2   1   1       0.99956630
   12   1   0   0       1.18236143
   12   2   1  -1       0.91850587
   12   2   1   0       0.90046326
   12   2   1   1       1.00289243
   13   1   0   0       1.18203110
   13   2   1  -1       0.91731477
   13   2   1   0       0.89978503
   13   2   1   1       0.99480011
   14   1   0   0       1.18194280
   14   2   1  -1       0.91791663
   14   2   1   0       0.90026177
   14   2   1   1       0.99956647
   15   1   0   0       1.18236143
   15   2   1  -1       0.91850587
   15   2   1   0       0.90046326
   15   2   1   1       1.00289243
   16   1   0   0       1.17965596
   16   2   1  -1       0.91244637
   16   2   1   0       0.89682571
   16   2   1   1       0.98848618
   17   1   0   0       1.24622249
   17   2   1  -1       0.94386391
   17   2   1   0       0.90142313
   17   2   1   1       1.01425478
   18   1   0   0       1.18203110
   18   2   1  -1       0.91731477
   18   2   1   0       0.89978503
   18   2   1   1       0.99480011
   19   1   0   0       1.17965596
   19   2   1  -1       0.91244637
   19   2   1   0       0.89682571
   19   2   1   1       0.98848618
   20   1   0   0       1.24622249
   20   2   1  -1       0.94386391
   20   2   1   0       0.90142313
   20   2   1   1       1.01425478
   21   1   0   0       0.91898014
   22   1   0   0       0.91898014
   23   1   0   0       0.91898050
   24   1   0   0       0.91898050
 
Fermi level:                        -0.1637148134 H           -4.4549 eV
Band energy:                       -36.5982845549 H         -995.8900 eV
TS:                                  0.0000000005 H            0.0000 eV
Band free energy (E-TS):           -36.5982845555 H         -995.8900 eV
Extrapolated E(0K):                -36.5982845552 H         -995.8900 eV
Input / Output electrons (q):     84.0000000000     84.0000000000
 
Energy H0:                         -37.3060417819 H        -1015.1490 eV
Energy SCC:                          0.0027951368 H            0.0761 eV
Total Electronic energy:           -37.3032466451 H        -1015.0730 eV
Repulsive energy:                    1.4448123712 H           39.3153 eV
Total energy:                      -35.8584342740 H         -975.7576 eV
Extrapolated to 0:                 -35.8584342742 H         -975.7576 eV
Total Mermin free energy:          -35.8584342745 H         -975.7576 eV
Force related energy:              -35.8584342745 H         -975.7576 eV
 
SCC converged
 
 
